[    0.000000] Linux version 4.15.0-140-generic (buildd@lgw01-amd64-054) (gcc version 7.5.0 (Ubuntu 7.5.0-3ubuntu1~18.04)) #144-Ubuntu SMP Fri Mar 19 14:12:35 UTC 2021 (Ubuntu 4.15.0-140.144-generic 4.15.18)
[    0.000000] Command line: BOOT_IMAGE=/boot/vmlinuz-4.15.0-140-generic root=LABEL=cloudimg-rootfs ro console=tty1 console=ttyS0
[    0.000000] KERNEL supported cpus:
[    0.000000]   Intel GenuineIntel
[    0.000000]   AMD AuthenticAMD
[    0.000000]   Centaur CentaurHauls
[    0.000000] x86/fpu: x87 FPU will use FXSAVE
[    0.000000] e820: BIOS-provided physical RAM map:
[    0.000000] BIOS-e820: [mem 0x0000000000000000-0x000000000009fbff] usable
[    0.000000] BIOS-e820: [mem 0x000000000009fc00-0x000000000009ffff] reserved
[    0.000000] BIOS-e820: [mem 0x00000000000f0000-0x00000000000fffff] reserved
[    0.000000] BIOS-e820: [mem 0x0000000000100000-0x000000007ffeffff] usable
[    0.000000] BIOS-e820: [mem 0x000000007fff0000-0x000000007fffffff] ACPI data
[    0.000000] BIOS-e820: [mem 0x00000000fec00000-0x00000000fec00fff] reserved
[    0.000000] BIOS-e820: [mem 0x00000000fee00000-0x00000000fee00fff] reserved
[    0.000000] BIOS-e820: [mem 0x00000000fffc0000-0x00000000ffffffff] reserved
[    0.000000] NX (Execute Disable) protection: active
[    0.000000] SMBIOS 2.5 present.
[    0.000000] DMI: innotek GmbH VirtualBox/VirtualBox, BIOS VirtualBox 12/01/2006
[    0.000000] Hypervisor detected: KVM
[    0.000000] e820: last_pfn = 0x7fff0 max_arch_pfn = 0x400000000
[    0.000000] MTRR: Disabled
[    0.000000] x86/PAT: MTRRs disabled, skipping PAT initialization too.
[    0.000000] CPU MTRRs all blank - virtualized system.
[    0.000000] x86/PAT: Configuration [0-7]: WB  WT  UC- UC  WB  WT  UC- UC  
[    0.000000] found SMP MP-table at [mem 0x0009fff0-0x0009ffff]
[    0.000000] Scanning 1 areas for low memory corruption
[    0.000000] RAMDISK: [mem 0x35a63000-0x36d28fff]
[    0.000000] ACPI: Early table checksum verification disabled
[    0.000000] ACPI: RSDP 0x00000000000E0000 000024 (v02 VBOX  )
[    0.000000] ACPI: XSDT 0x000000007FFF0030 00003C (v01 VBOX   VBOXXSDT 00000001 ASL  00000061)
[    0.000000] ACPI: FACP 0x000000007FFF00F0 0000F4 (v04 VBOX   VBOXFACP 00000001 ASL  00000061)
[    0.000000] ACPI: DSDT 0x000000007FFF0470 002325 (v02 VBOX   VBOXBIOS 00000002 INTL 20100528)
[    0.000000] ACPI: FACS 0x000000007FFF0200 000040
[    0.000000] ACPI: FACS 0x000000007FFF0200 000040
[    0.000000] ACPI: APIC 0x000000007FFF0240 00005C (v02 VBOX   VBOXAPIC 00000001 ASL  00000061)
[    0.000000] ACPI: SSDT 0x000000007FFF02A0 0001CC (v01 VBOX   VBOXCPUT 00000002 INTL 20100528)
[    0.000000] No NUMA configuration found
[    0.000000] Faking a node at [mem 0x0000000000000000-0x000000007ffeffff]
[    0.000000] NODE_DATA(0) allocated [mem 0x7ffc5000-0x7ffeffff]
[    0.000000] kvm-clock: cpu 0, msr 0:7ff44001, primary cpu clock
[    0.000000] kvm-clock: Using msrs 4b564d01 and 4b564d00
[    0.000000] kvm-clock: using sched offset of 5014763329 cycles
[    0.000000] clocksource: kvm-clock: mask: 0xffffffffffffffff max_cycles: 0x1cd42e4dffb, max_idle_ns: 881590591483 ns
[    0.000000] Zone ranges:
[    0.000000]   DMA      [mem 0x0000000000001000-0x0000000000ffffff]
[    0.000000]   DMA32    [mem 0x0000000001000000-0x000000007ffeffff]
[    0.000000]   Normal   empty
[    0.000000]   Device   empty
[    0.000000] Movable zone start for each node
[    0.000000] Early memory node ranges
[    0.000000]   node   0: [mem 0x0000000000001000-0x000000000009efff]
[    0.000000]   node   0: [mem 0x0000000000100000-0x000000007ffeffff]
[    0.000000] Reserved but unavailable: 98 pages
[    0.000000] Initmem setup node 0 [mem 0x0000000000001000-0x000000007ffeffff]
[    0.000000] ACPI: PM-Timer IO Port: 0x4008
[    0.000000] IOAPIC[0]: apic_id 2, version 32, address 0xfec00000, GSI 0-23
[    0.000000] ACPI: INT_SRC_OVR (bus 0 bus_irq 0 global_irq 2 dfl dfl)
[    0.000000] ACPI: INT_SRC_OVR (bus 0 bus_irq 9 global_irq 9 low level)
[    0.000000] Using ACPI (MADT) for SMP configuration information
[    0.000000] smpboot: Allowing 2 CPUs, 0 hotplug CPUs
[    0.000000] PM: Registered nosave memory: [mem 0x00000000-0x00000fff]
[    0.000000] PM: Registered nosave memory: [mem 0x0009f000-0x0009ffff]
[    0.000000] PM: Registered nosave memory: [mem 0x000a0000-0x000effff]
[    0.000000] PM: Registered nosave memory: [mem 0x000f0000-0x000fffff]
[    0.000000] e820: [mem 0x80000000-0xfebfffff] available for PCI devices
[    0.000000] Booting paravirtualized kernel on KVM
[    0.000000] clocksource: refined-jiffies: mask: 0xffffffff max_cycles: 0xffffffff, max_idle_ns: 7645519600211568 ns
[    0.000000] random: get_random_bytes called from start_kernel+0x99/0x500 with crng_init=0
[    0.000000] setup_percpu: NR_CPUS:8192 nr_cpumask_bits:2 nr_cpu_ids:2 nr_node_ids:1
[    0.000000] percpu: Embedded 45 pages/cpu s147456 r8192 d28672 u1048576
[    0.000000] PV qspinlock hash table entries: 256 (order: 0, 4096 bytes)
[    0.000000] Built 1 zonelists, mobility grouping on.  Total pages: 515961
[    0.000000] Policy zone: DMA32
[    0.000000] Kernel command line: BOOT_IMAGE=/boot/vmlinuz-4.15.0-140-generic root=LABEL=cloudimg-rootfs ro console=tty1 console=ttyS0
[    0.000000] Memory: 2015212K/2096696K available (12300K kernel code, 2483K rwdata, 4276K rodata, 2440K init, 2724K bss, 81484K reserved, 0K cma-reserved)
[    0.000000] SLUB: HWalign=64, Order=0-3, MinObjects=0, CPUs=2, Nodes=1
[    0.000000] Kernel/User page tables isolation: enabled
[    0.000000] ftrace: allocating 39429 entries in 155 pages
[    0.004000] Hierarchical RCU implementation.
[    0.004000] 	RCU restricting CPUs from NR_CPUS=8192 to nr_cpu_ids=2.
[    0.004000] 	Tasks RCU enabled.
[    0.004000] RCU: Adjusting geometry for rcu_fanout_leaf=16, nr_cpu_ids=2
[    0.004000] NR_IRQS: 524544, nr_irqs: 440, preallocated irqs: 16
[    0.004000] Console: colour VGA+ 80x25
[    0.004000] console [tty1] enabled
[    0.004000] console [ttyS0] enabled
[    0.004000] ACPI: Core revision 20170831
[    0.004000] ACPI: 2 ACPI AML tables successfully acquired and loaded
[    0.004000] APIC: Switch to symmetric I/O mode setup
[    0.004000] ..TIMER: vector=0x30 apic1=0 pin1=2 apic2=-1 pin2=-1
[    0.004000] tsc: Detected 2693.764 MHz processor
[    0.004000] Calibrating delay loop (skipped) preset value.. 5387.52 BogoMIPS (lpj=10775056)
[    0.004000] pid_max: default: 32768 minimum: 301
[    0.004000] Security Framework initialized
[    0.004000] Yama: becoming mindful.
[    0.004106] AppArmor: AppArmor initialized
[    0.028084] Dentry cache hash table entries: 262144 (order: 9, 2097152 bytes)
[    0.044434] Inode-cache hash table entries: 131072 (order: 8, 1048576 bytes)
[    0.048157] Mount-cache hash table entries: 4096 (order: 3, 32768 bytes)
[    0.052181] Mountpoint-cache hash table entries: 4096 (order: 3, 32768 bytes)
[    0.060893] Last level iTLB entries: 4KB 1024, 2MB 1024, 4MB 1024
[    0.064003] Last level dTLB entries: 4KB 1024, 2MB 1024, 4MB 1024, 1GB 4
[    0.068004] Spectre V1 : Mitigation: usercopy/swapgs barriers and __user pointer sanitization
[    0.072003] Spectre V2 : Mitigation: Full generic retpoline
[    0.076002] Spectre V2 : Spectre v2 / SpectreRSB mitigation: Filling RSB on context switch
[    0.080003] Speculative Store Bypass: Vulnerable
[    0.084049] MDS: Vulnerable: Clear CPU buffers attempted, no microcode
[    0.088176] Freeing SMP alternatives memory: 36K
[    0.203501] smpboot: CPU0: Intel(R) Core(TM) i7-4600U CPU @ 2.10GHz (family: 0x6, model: 0x45, stepping: 0x1)
[    0.204531] Performance Events: unsupported p6 CPU model 69 no PMU driver, software events only.
[    0.208141] Hierarchical SRCU implementation.
[    0.213026] NMI watchdog: Perf event create on CPU 0 failed with -2
[    0.216003] NMI watchdog: Perf NMI watchdog permanently disabled
[    0.220357] smp: Bringing up secondary CPUs ...
[    0.225459] x86: Booting SMP configuration:
[    0.228004] .... node  #0, CPUs:      #1
[    0.004000] kvm-clock: cpu 1, msr 0:7ff44041, secondary cpu clock
[    0.238101] TSC synchronization [CPU#0 -> CPU#1]:
[    0.240000] Measured 124270 cycles TSC warp between CPUs, turning off TSC clock.
[    0.240000] tsc: Marking TSC unstable due to check_tsc_sync_source failed
[    0.244286] smp: Brought up 1 node, 2 CPUs
[    0.248006] smpboot: Max logical packages: 1
[    0.252004] smpboot: Total of 2 processors activated (10775.05 BogoMIPS)
[    0.256637] devtmpfs: initialized
[    0.260153] x86/mm: Memory block size: 128MB
[    0.264646] evm: security.selinux
[    0.268004] evm: security.SMACK64
[    0.272003] evm: security.SMACK64EXEC
[    0.276003] evm: security.SMACK64TRANSMUTE
[    0.280003] evm: security.SMACK64MMAP
[    0.284003] evm: security.apparmor
[    0.288003] evm: security.ima
[    0.290327] evm: security.capability
[    0.296344] clocksource: jiffies: mask: 0xffffffff max_cycles: 0xffffffff, max_idle_ns: 7645041785100000 ns
[    0.300009] futex hash table entries: 512 (order: 3, 32768 bytes)
[    0.304303] pinctrl core: initialized pinctrl subsystem
[    0.308354] RTC time: 15:50:46, date: 05/25/21
[    0.313306] NET: Registered protocol family 16
[    0.316200] audit: initializing netlink subsys (disabled)
[    0.320233] audit: type=2000 audit(1621957852.888:1): state=initialized audit_enabled=0 res=1
[    0.328007] cpuidle: using governor ladder
[    0.336012] cpuidle: using governor menu
[    0.339036] ACPI: bus type PCI registered
[    0.340004] acpiphp: ACPI Hot Plug PCI Controller Driver version: 0.5
[    0.344492] PCI: Using configuration type 1 for base access
[    0.352541] HugeTLB registered 2.00 MiB page size, pre-allocated 0 pages
[    0.364503] ACPI: Added _OSI(Module Device)
[    0.368116] ACPI: Added _OSI(Processor Device)
[    0.372003] ACPI: Added _OSI(3.0 _SCP Extensions)
[    0.376003] ACPI: Added _OSI(Processor Aggregator Device)
[    0.380004] ACPI: Added _OSI(Linux-Dell-Video)
[    0.384004] ACPI: Added _OSI(Linux-Lenovo-NV-HDMI-Audio)
[    0.388005] ACPI: Added _OSI(Linux-HPI-Hybrid-Graphics)
[    0.392829] ACPI: Executed 1 blocks of module-level executable AML code
[    0.403269] ACPI: Interpreter enabled
[    0.404015] ACPI: (supports S0 S5)
[    0.408004] ACPI: Using IOAPIC for interrupt routing
[    0.412411] PCI: Using host bridge windows from ACPI; if necessary, use "pci=nocrs" and report a bug
[    0.416210] ACPI: Enabled 2 GPEs in block 00 to 07
[    0.431389] ACPI: PCI Root Bridge [PCI0] (domain 0000 [bus 00-ff])
[    0.432009] acpi PNP0A03:00: _OSC: OS supports [ASPM ClockPM Segments MSI]
[    0.436799] acpi PNP0A03:00: _OSC: not requesting OS control; OS requires [ExtendedConfig ASPM ClockPM MSI]
[    0.440014] acpi PNP0A03:00: fail to add MMCONFIG information, can't access extended PCI configuration space under this bridge.
[    0.444694] PCI host bridge to bus 0000:00
[    0.448005] pci_bus 0000:00: root bus resource [io  0x0000-0x0cf7 window]
[    0.452004] pci_bus 0000:00: root bus resource [io  0x0d00-0xffff window]
[    0.456004] pci_bus 0000:00: root bus resource [mem 0x000a0000-0x000bffff window]
[    0.460004] pci_bus 0000:00: root bus resource [mem 0x80000000-0xfdffffff window]
[    0.464005] pci_bus 0000:00: root bus resource [bus 00-ff]
[    0.474470] pci 0000:00:01.1: legacy IDE quirk: reg 0x10: [io  0x01f0-0x01f7]
[    0.476004] pci 0000:00:01.1: legacy IDE quirk: reg 0x14: [io  0x03f6]
[    0.480004] pci 0000:00:01.1: legacy IDE quirk: reg 0x18: [io  0x0170-0x0177]
[    0.484003] pci 0000:00:01.1: legacy IDE quirk: reg 0x1c: [io  0x0376]
[    0.576727] pci 0000:00:07.0: quirk: [io  0x4000-0x403f] claimed by PIIX4 ACPI
[    0.588029] pci 0000:00:07.0: quirk: [io  0x4100-0x410f] claimed by PIIX4 SMB
[    0.616180] ACPI: PCI Interrupt Link [LNKA] (IRQs 5 9 10 *11)
[    0.624563] ACPI: PCI Interrupt Link [LNKB] (IRQs 5 9 *10 11)
[    0.640221] ACPI: PCI Interrupt Link [LNKC] (IRQs 5 *9 10 11)
[    0.648194] ACPI: PCI Interrupt Link [LNKD] (IRQs 5 9 10 *11)
[    0.660873] SCSI subsystem initialized
[    0.672222] pci 0000:00:02.0: vgaarb: setting as boot VGA device
[    0.676000] pci 0000:00:02.0: vgaarb: VGA device added: decodes=io+mem,owns=io+mem,locks=none
[    0.700006] pci 0000:00:02.0: vgaarb: bridge control possible
[    0.712003] vgaarb: loaded
[    0.716078] ACPI: bus type USB registered
[    0.724094] usbcore: registered new interface driver usbfs
[    0.740019] usbcore: registered new interface driver hub
[    0.748021] usbcore: registered new device driver usb
[    0.764131] EDAC MC: Ver: 3.0.0
[    0.776079] PCI: Using ACPI for IRQ routing
[    0.788227] NetLabel: Initializing
[    0.796006] NetLabel:  domain hash size = 128
[    0.804005] NetLabel:  protocols = UNLABELED CIPSOv4 CALIPSO
[    0.816032] NetLabel:  unlabeled traffic allowed by default
[    0.832303] clocksource: Switched to clocksource kvm-clock
[    0.907688] VFS: Disk quotas dquot_6.6.0
[    0.912307] VFS: Dquot-cache hash table entries: 512 (order 0, 4096 bytes)
[    0.918407] AppArmor: AppArmor Filesystem Enabled
[    0.923329] pnp: PnP ACPI init
[    0.928515] pnp: PnP ACPI: found 3 devices
[    0.939875] clocksource: acpi_pm: mask: 0xffffff max_cycles: 0xffffff, max_idle_ns: 2085701024 ns
[    0.948578] NET: Registered protocol family 2
[    0.952822] TCP established hash table entries: 16384 (order: 5, 131072 bytes)
[    0.959240] TCP bind hash table entries: 16384 (order: 6, 262144 bytes)
[    0.966684] TCP: Hash tables configured (established 16384 bind 16384)
[    0.974678] UDP hash table entries: 1024 (order: 3, 32768 bytes)
[    0.980639] UDP-Lite hash table entries: 1024 (order: 3, 32768 bytes)
[    0.986146] NET: Registered protocol family 1
[    0.990078] pci 0000:00:00.0: Limiting direct PCI/PCI transfers
[    0.995582] pci 0000:00:01.0: Activating ISA DMA hang workarounds
[    1.001897] pci 0000:00:02.0: Video device with shadowed ROM at [mem 0x000c0000-0x000dffff]
[    1.009824] Unpacking initramfs...
[    1.644138] Freeing initrd memory: 19224K
[    1.649882] clocksource: tsc: mask: 0xffffffffffffffff max_cycles: 0x26d43bb7f27, max_idle_ns: 440795270902 ns
[    1.658540] platform rtc_cmos: registered platform RTC device (no PNP device found)
[    1.665912] Scanning for low memory corruption every 60 seconds
[    1.673331] Initialise system trusted keyrings
[    1.677496] Key type blacklist registered
[    1.681600] workingset: timestamp_bits=36 max_order=19 bucket_order=0
[    1.690370] zbud: loaded
[    1.694558] squashfs: version 4.0 (2009/01/31) Phillip Lougher
[    1.701556] fuse init (API version 7.26)
[    1.726752] Key type asymmetric registered
[    1.731113] Asymmetric key parser 'x509' registered
[    1.736500] Block layer SCSI generic (bsg) driver version 0.4 loaded (major 246)
[    1.743287] io scheduler noop registered
[    1.747532] io scheduler deadline registered
[    1.752209] io scheduler cfq registered (default)
[    1.761085] ACPI: AC Adapter [AC] (on-line)
[    1.765052] input: Power Button as /devices/LNXSYSTM:00/LNXPWRBN:00/input/input0
[    1.771620] ACPI: Power Button [PWRF]
[    1.776376] input: Sleep Button as /devices/LNXSYSTM:00/LNXSLPBN:00/input/input1
[    1.782677] ACPI: Sleep Button [SLPF]
[    1.787189] Serial: 8250/16550 driver, 32 ports, IRQ sharing enabled
[    1.789381] ACPI: Battery Slot [BAT0] (battery present)
[    1.824496] 00:02: ttyS0 at I/O 0x3f8 (irq = 4, base_baud = 115200) is a 16550A
[    1.835106] Linux agpgart interface v0.103
[    1.847450] loop: module loaded
[    1.854623] scsi host0: ata_piix
[    1.858993] scsi host1: ata_piix
[    1.863045] ata1: PATA max UDMA/33 cmd 0x1f0 ctl 0x3f6 bmdma 0xd000 irq 14
[    1.870372] ata2: PATA max UDMA/33 cmd 0x170 ctl 0x376 bmdma 0xd008 irq 15
[    1.877832] libphy: Fixed MDIO Bus: probed
[    1.883164] tun: Universal TUN/TAP device driver, 1.6
[    1.889218] PPP generic driver version 2.4.2
[    1.894211] ehci_hcd: USB 2.0 'Enhanced' Host Controller (EHCI) Driver
[    1.901734] ehci-pci: EHCI PCI platform driver
[    1.906910] ehci-platform: EHCI generic platform driver
[    1.913585] ohci_hcd: USB 1.1 'Open' Host Controller (OHCI) Driver
[    1.919679] ohci-pci: OHCI PCI platform driver
[    1.925145] ohci-platform: OHCI generic platform driver
[    1.930418] uhci_hcd: USB Universal Host Controller Interface driver
[    1.938167] i8042: PNP: PS/2 Controller [PNP0303:PS2K,PNP0f03:PS2M] at 0x60,0x64 irq 1,12
[    1.949938] serio: i8042 KBD port at 0x60,0x64 irq 1
[    1.955373] serio: i8042 AUX port at 0x60,0x64 irq 12
[    1.961400] mousedev: PS/2 mouse device common for all mice
[    1.967571] input: AT Translated Set 2 keyboard as /devices/platform/i8042/serio0/input/input2
[    1.978394] rtc_cmos rtc_cmos: rtc core: registered rtc_cmos as rtc0
[    1.984684] rtc_cmos rtc_cmos: alarms up to one day, 114 bytes nvram
[    1.989907] i2c /dev entries driver
[    1.992943] device-mapper: uevent: version 1.0.3
[    1.997615] device-mapper: ioctl: 4.37.0-ioctl (2017-09-20) initialised: dm-devel@redhat.com
[    2.005173] ledtrig-cpu: registered to indicate activity on CPUs
[    2.014625] NET: Registered protocol family 10
[    2.034823] Segment Routing with IPv6
[    2.040741] NET: Registered protocol family 17
[    2.096276] Key type dns_resolver registered
[    2.101375] mce: Using 0 MCE banks
[    2.104336] RAS: Correctable Errors collector initialized.
[    2.108699] sched_clock: Marking stable (2108639650, 0)->(3181404553, -1072764903)
[    2.118212] registered taskstats version 1
[    2.121752] Loading compiled-in X.509 certificates
[    2.132413] Loaded X.509 cert 'Build time autogenerated kernel key: f44537957b99d83206ce3e6a27744bf062e80295'
[    2.142214] zswap: loaded using pool lzo/zbud
[    2.156819] Key type big_key registered
[    2.160453] Key type trusted registered
[    2.167539] Key type encrypted registered
[    2.172214] AppArmor: AppArmor sha1 policy hashing enabled
[    2.177067] ima: No TPM chip found, activating TPM-bypass! (rc=-19)
[    2.182254] ima: Allocated hash algorithm: sha1
[    2.186082] evm: HMAC attrs: 0x1
[    2.189288]   Magic number: 5:252:842
[    2.193436] rtc_cmos rtc_cmos: setting system clock to 2021-05-25 15:50:48 UTC (1621957848)
[    2.201515] BIOS EDD facility v0.16 2004-Jun-25, 0 devices found
[    2.206502] EDD information not available.
[    2.214072] Freeing unused kernel image memory: 2440K
[    2.246000] Write protecting the kernel read-only data: 20480k
[    2.253720] Freeing unused kernel image memory: 2008K
[    2.259524] Freeing unused kernel image memory: 1868K
[    2.270991] x86/mm: Checked W+X mappings: passed, no W+X pages found.
[    2.277656] x86/mm: Checking user space page tables
[    2.287853] x86/mm: Checked W+X mappings: passed, no W+X pages found.
Loading, please wait...
starting version 237
[    2.392792] Fusion MPT base driver 3.04.20
[    2.396724] Copyright (c) 1999-2008 LSI Corporation
[    2.432523] e1000: Intel(R) PRO/1000 Network Driver - version 7.3.21-k8-NAPI
[    2.439797] e1000: Copyright (c) 1999-2006 Intel Corporation.
[    2.460693] Fusion MPT SPI Host driver 3.04.20
[    2.476468] mptbase: ioc0: Initiating bringup
[    2.890375] input: ImExPS/2 Generic Explorer Mouse as /devices/platform/i8042/serio1/input/input4
[    2.903996] ioc0: LSI53C1030 A0: Capabilities={Initiator}
[    3.941603] scsi host2: ioc0: LSI53C1030 A0, FwRev=00000000h, Ports=1, MaxQ=256, IRQ=20
[    4.348312] scsi 2:0:0:0: Direct-Access     VBOX     HARDDISK         1.0  PQ: 0 ANSI: 5
[    4.385112] scsi target2:0:0: Beginning Domain Validation
[    4.399636] scsi target2:0:0: Domain Validation skipping write tests
[    4.406778] scsi target2:0:0: Ending Domain Validation
[    4.412556] scsi target2:0:0: asynchronous
[    4.419334] scsi 2:0:1:0: Direct-Access     VBOX     HARDDISK         1.0  PQ: 0 ANSI: 5
[    4.752532] scsi target2:0:1: Beginning Domain Validation
[    4.757948] random: fast init done
[    4.772665] scsi target2:0:1: Domain Validation skipping write tests
[    4.778553] scsi target2:0:1: Ending Domain Validation
[    4.784221] scsi target2:0:1: asynchronous
[    4.807825] random: systemd-udevd: uninitialized urandom read (16 bytes read)
[    4.815990] sd 2:0:0:0: Attached scsi generic sg0 type 0
[    4.823070] sd 2:0:1:0: Attached scsi generic sg1 type 0
[    4.825147] sd 2:0:0:0: [sda] 83886080 512-byte logical blocks: (42.9 GB/40.0 GiB)
[    4.828755] random: systemd-udevd: uninitialized urandom read (16 bytes read)
[    4.835690] sd 2:0:1:0: [sdb] 20480 512-byte logical blocks: (10.5 MB/10.0 MiB)
[    4.843280] random: systemd-udevd: uninitialized urandom read (16 bytes read)
[    4.857842] sd 2:0:0:0: [sda] Write Protect is off
[    4.862087] sd 2:0:1:0: [sdb] Write Protect is off
[    4.867111] sd 2:0:0:0: [sda] Incomplete mode parameter data
[    4.872504] sd 2:0:0:0: [sda] Assuming drive cache: write through
[    4.877676] sd 2:0:1:0: [sdb] Incomplete mode parameter data
[    4.883072] sd 2:0:1:0: [sdb] Assuming drive cache: write through
[    4.893773]  sda: sda1
[    4.899484] sd 2:0:0:0: [sda] Attached SCSI disk
[    4.909358] sd 2:0:1:0: [sdb] Attached SCSI disk
[    5.124914] e1000 0000:00:03.0 eth0: (PCI:33MHz:32-bit) 02:99:94:d0:f2:74
[    5.131074] e1000 0000:00:03.0 eth0: Intel(R) PRO/1000 Network Connection
[    5.139022] e1000 0000:00:03.0 enp0s3: renamed from eth0
Begin: Loading essential drivers ... [    7.540514] raid6: sse2x1   gen()  8809 MB/s
[    7.592243] raid6: sse2x1   xor()  5726 MB/s
[    7.640050] raid6: sse2x2   gen() 11158 MB/s
[    7.688898] raid6: sse2x2   xor()  7865 MB/s
[    7.740785] raid6: sse2x4   gen() 14441 MB/s
[    7.788639] raid6: sse2x4   xor()  9006 MB/s
[    7.791950] raid6: using algorithm sse2x4 gen() 14441 MB/s
[    7.797555] raid6: .... xor() 9006 MB/s, rmw enabled
[    7.801213] raid6: using ssse3x2 recovery algorithm
[    7.807275] xor: measuring software checksum speed
[   12.967982]    prefetch64-sse: 422137.704 MB/sec
[   13.082531]    generic_sse: 42409.000 MB/sec
[   13.086061] xor: using function: prefetch64-sse (422137.704 MB/sec)
[   13.095833] async_tx: api initialized (async)
done.
Begin: Running /scripts/init-premount ... done.
Begin: Mounting root file system ... Begin: Running /scripts/local-top ... done.
Begin: Running /scripts/local-premount ... [   13.170676] Btrfs loaded, crc32c=crc32c-intel
Scanning for Btrfs filesystems
done.
Warning: fsck not present, so skipping root file system
[   13.245360] EXT4-fs (sda1): mounted filesystem with ordered data mode. Opts: (null)
done.
Begin: Running /scripts/local-bottom ... done.
Begin: Running /scripts/init-bottom ... done.
[   13.583223] ip_tables: (C) 2000-2006 Netfilter Core Team
[   13.613920] systemd[1]: systemd 237 running in system mode. (+PAM +AUDIT +SELINUX +IMA +APPARMOR +SMACK +SYSVINIT +UTMP +LIBCRYPTSETUP +GCRYPT +GNUTLS +ACL +XZ +LZ4 +SECCOMP +BLKID +ELFUTILS +KMOD -IDN2 +IDN -PCRE2 default-hierarchy=hybrid)
[   13.630336] systemd[1]: Detected virtualization oracle.
[   13.634542] systemd[1]: Detected architecture x86-64.

Welcome to [1mUbuntu 18.04.5 LTS[0m!

[   13.668323] systemd[1]: Set hostname to <ubuntu>.
[   13.687869] systemd[1]: Initializing machine ID from random generator.
[   13.693194] systemd[1]: Installed transient /etc/machine-id file.
[   14.210143] systemd[1]: Created slice User and Session Slice.
[[0;32m  OK  [0m] Created slice User and Session Slice.
[   14.217720] systemd[1]: Set up automount Arbitrary Executable File Formats File System Automount Point.
[[0;32m  OK  [0m] Set up automount Arbitrary Executabâ€¦rmats File System Automount Point.
[   14.229685] systemd[1]: Reached target User and Group Name Lookups.
[[0;32m  OK  [0m] Reached target User and Group Name Lookups.
[   14.237567] systemd[1]: Started Forward Password Requests to Wall Directory Watch.
[[0;32m  OK  [0m] Started Forward Password Requests to Wall Directory Watch.
[[0;32m  OK  [0m] Created slice System Slice.
[[0;32m  OK  [0m] Created slice system-serial\x2dgetty.slice.
[[0;32m  OK  [0m] Listening on udev Control Socket.
[[0;32m  OK  [0m] Listening on LVM2 poll daemon socket.
[[0;32m  OK  [0m] Listening on LVM2 metadata daemon socket.
[[0;32m  OK  [0m] Listening on /dev/initctl Compatibility Named Pipe.
[[0;32m  OK  [0m] Listening on Journal Socket (/dev/log).
[[0;32m  OK  [0m] Listening on Syslog Socket.
[[0;32m  OK  [0m] Listening on Network Service Netlink Socket.
[[0;32m  OK  [0m] Reached target Swap.
[[0;32m  OK  [0m] Listening on Journal Socket.
         Mounting Huge Pages File System...
         Starting Create list of required stâ€¦ce nodes for the current kernel...
         Starting Set the console keyboard layout...
[[0;32m  OK  [0m] Listening on fsck to fsckd communication Socket.
         Starting File System Check on Root Device...
         Mounting POSIX Message Queue File System...
[[0;32m  OK  [0m] Listening on Device-mapper event daemon FIFOs.
         Starting Monitoring of LVM2 mirrorsâ€¦ng dmeventd or progress polling...
[[0;32m  OK  [0m] Reached target System Time Synchronized.
[[0;32m  OK  [0m] Listening on udev Kernel Socket.
         Starting udev Coldplug all Devices...
         Starting Uncomplicated firewall...
         Starting Load Kernel Modules...
[[0;32m  OK  [0m] Listening on Journal Audit Socket.
         Starting Journal Service...
         Mounting Kernel Debug File System...
[[0;32m  OK  [0m] Reached target Slices.
[[0;32m  OK  [0m] Mounted Huge Pages File System.
[[0;32m  OK  [0m] Started Create list of required staâ€¦vice nodes for the current kernel.
[[0;32m  OK  [0m] Mounted POSIX Message Queue File System.
[[0;32m  OK  [0m] Started Uncomplicated firewall.
[[0;32m  OK  [0m] Started File System Check Daemon to report status.
[[0;32m  OK  [0m] Started LVM2 metadata daemon.
         Starting Create Static Device Nodes in /dev...
[[0;32m  OK  [0m] Mounted Kernel Debug File System.
[[0;32m  OK  [0m] Started Monitoring of LVM2 mirrors,â€¦sing dmeventd or progress polling.
[[0;32m  OK  [0m] Started udev Coldplug all Devices.
[   14.759659] Loading iSCSI transport class v2.0-870.
[[0;32m  OK  [0m] Started File System Check on Root Device.
         Starting Remount Root and Kernel File Systems...
[[0;32m  OK  [0m] Started Journal Service.
[   14.853731] iscsi: registered transport (tcp)
[   14.888675] iscsi: registered transport (iser)
[[0;32m  OK  [0m] Started Load Kernel Modules.
         Mounting Kernel Configuration File System...
         Starting Apply Kernel Variables...
         Mounting FUSE Control File System...
[[0;32m  OK  [0m] Mounted Kernel Configuration File System.
[[0;32m  OK  [0m] Started Set the console keyboard layout.
[   14.946962] EXT4-fs (sda1): re-mounted. Opts: (null)
[[0;32m  OK  [0m] Started Create Static Device Nodes in /dev.
[[0;32m  OK  [0m] Started Remount Root and Kernel File Systems.
[[0;32m  OK  [0m] Mounted FUSE Control File System.
         Starting Flush Journal to Persistent Storage...
         Starting Load/Save Random Seed...
         Starting udev Kernel Device Manager...
[[0;32m  OK  [0m] Reached target Local File Systems (Pre).
[[0;32m  OK  [0m] Reached target Local File Systems.
         Starting ebtables ruleset management...
         Starting Set console font and keymap...
         Starting Tell Plymouth To Write Out Runtime Data...
         Starting Commit a transient machine-id on disk...
         Starting AppArmor initialization...
[[0;32m  OK  [0m] Started Apply Kernel Variables.
[[0;32m  OK  [0m] Started Load/Save Random Seed.
[[0;32m  OK  [0m] Started udev Kernel Device Manager.
[[0;32m  OK  [0m] Started Dispatch Password Requests to Console Directory Watch.
[[0;32m  OK  [0m] Reached target Local Encrypted Volumes.
[[0;32m  OK  [0m] Started Set console font and keymap.
[[0;32m  OK  [0m] Started Tell Plymouth To Write Out Runtime Data.
[[0;32m  OK  [0m] Started Commit a transient machine-id on disk.
[[0;32m  OK  [0m] Started Flush Journal to Persistent Storage.
[[0;32m  OK  [0m] Started ebtables ruleset management.
         Starting Create Volatile Files and Directories...
[[0;32m  OK  [0m] Started Create Volatile Files and Directories.
         Starting Update UTMP about System Boot/Shutdown...
[[0;32m  OK  [0m] Started Update UTMP about System Boot/Shutdown.
[[0;32m  OK  [0m] Found device /dev/ttyS0.
[[0;32m  OK  [0m] Listening on Load/Save RF Kill Switch Status /dev/rfkill Watch.
[[0;32m  OK  [0m] Started AppArmor initialization.
         Starting Load AppArmor profiles managed internally by snapd...
         Starting Initial cloud-init job (pre-networking)...
[[0;32m  OK  [0m] Started Load AppArmor profiles managed internally by snapd.
[   18.824562] cloud-init[557]: Cloud-init v. 20.4.1-0ubuntu1~18.04.1 running 'init-local' at Tue, 25 May 2021 15:51:04 +0000. Up 18.31 seconds.
[[0;32m  OK  [0m] Started Initial cloud-init job (pre-networking).
[[0;32m  OK  [0m] Reached target Network (Pre).
         Starting Network Service...
[[0;32m  OK  [0m] Started Network Service.
         Starting Wait for Network to be Configured...
         Starting Network Name Resolution...
[[0;32m  OK  [0m] Started Network Name Resolution.
[[0;32m  OK  [0m] Reached target Network.
[[0;32m  OK  [0m] Reached target Host and Network Name Lookups.
[[0;32m  OK  [0m] Started Wait for Network to be Configured.
         Starting Initial cloud-init job (metadata service crawler)...
[   21.035510] cloud-init[660]: Cloud-init v. 20.4.1-0ubuntu1~18.04.1 running 'init' at Tue, 25 May 2021 15:51:07 +0000. Up 20.86 seconds.
[   21.044776] cloud-init[660]: ci-info: ++++++++++++++++++++++++++++++++++++++Net device info++++++++++++++++++++++++++++++++++++++
[   21.052005] cloud-init[660]: ci-info: +--------+------+----------------------------+---------------+--------+-------------------+
[   21.062516] cloud-init[660]: ci-info: | Device |  Up  |          Address           |      Mask     | Scope  |     Hw-Address    |
[   21.068679] cloud-init[660]: ci-info: +--------+------+----------------------------+---------------+--------+-------------------+
[   21.076690] cloud-init[660]: ci-info: | enp0s3 | True |         10.0.2.15          | 255.255.255.0 | global | 02:99:94:d0:f2:74 |
[   21.081638] cloud-init[660]: ci-info: | enp0s3 | True | fe80::99:94ff:fed0:f274/64 |       .       |  link  | 02:99:94:d0:f2:74 |
[   21.092818] cloud-init[660]: ci-info: |   lo   | True |         127.0.0.1          |   255.0.0.0   |  host  |         .         |
[   21.098150] cloud-init[660]: ci-info: |   lo   | True |          ::1/128           |       .       |  host  |         .         |
[   21.103840] cloud-init[660]: ci-info: +--------+------+----------------------------+---------------+--------+-------------------+
[   21.111034] cloud-init[660]: ci-info: ++++++++++++++++++++++++++++Route IPv4 info+++++++++++++++++++++++++++++
[   21.116004] cloud-init[660]: ci-info: +-------+-------------+----------+-----------------+-----------+-------+
[   21.120325] cloud-init[660]: ci-info: | Route | Destination | Gateway  |     Genmask     | Interface | Flags |
[   21.128374] cloud-init[660]: ci-info: +-------+-------------+----------+-----------------+-----------+-------+
[   21.134120] cloud-init[660]: ci-info: |   0   |   0.0.0.0   | 10.0.2.2 |     0.0.0.0     |   enp0s3  |   UG  |
[   21.138811] cloud-init[660]: ci-info: |   1   |   10.0.2.0  | 0.0.0.0  |  255.255.255.0  |   enp0s3  |   U   |
[   21.142532] cloud-init[660]: ci-info: |   2   |   10.0.2.2  | 0.0.0.0  | 255.255.255.255 |   enp0s3  |   UH  |
[   21.146171] cloud-init[660]: ci-info: +-------+-------------+----------+-----------------+-----------+-------+
[   21.150474] cloud-init[660]: ci-info: +++++++++++++++++++Route IPv6 info+++++++++++++++++++
[   21.154180] cloud-init[660]: ci-info: +-------+-------------+---------+-----------+-------+
[   21.169051] cloud-init[660]: ci-info: | Route | Destination | Gateway | Interface | Flags |
[   21.172762] cloud-init[660]: ci-info: +-------+-------------+---------+-----------+-------+
[   21.177956] cloud-init[660]: ci-info: |   1   |  fe80::/64  |    ::   |   enp0s3  |   U   |
[   21.181414] cloud-init[660]: ci-info: |   3   |    local    |    ::   |   enp0s3  |   U   |
[   21.184744] cloud-init[660]: ci-info: |   4   |   ff00::/8  |    ::   |   enp0s3  |   U   |
[   21.187714] cloud-init[660]: ci-info: +-------+-------------+---------+-----------+-------+
[   22.241554] cloud-init[660]: Generating public/private rsa key pair.
[   22.247728] cloud-init[660]: Your identification has been saved in /etc/ssh/ssh_host_rsa_key.
[   22.254706] cloud-init[660]: Your public key has been saved in /etc/ssh/ssh_host_rsa_key.pub.
[   22.262294] cloud-init[660]: The key fingerprint is:
[   22.267731] cloud-init[660]: SHA256:OAiGzEUQtUYDhCfHQzxAgq1CgROTd9BYJ7DniUFo1wk root@ubuntu-bionic
[   22.275180] cloud-init[660]: The key's randomart image is:
[   22.281762] cloud-init[660]: +---[RSA 2048]----+
[   22.287814] cloud-init[660]: |@^%E= o          |
[   22.293922] cloud-init[660]: |%*&o==           |
[   22.299518] cloud-init[660]: |+X**.            |
[   22.304028] cloud-init[660]: |o..* o .         |
[   22.309381] cloud-init[660]: |. . + o S        |
[   22.313963] cloud-init[660]: |       .         |[[0;32m  OK  [0m] Started Initial cloud-init job (metadata service crawler).
[[0;32m  OK  [0m] Reached target Network is Online.

[[0;32m  OK  [0m] Reached target Remote File Systems (Pre).
[[0;32m  OK  [0m] Reached target Remote File Systems.
[   22.329091] cloud-init[660]: |                 |
[   22.338397] cloud-init[660]: |                 |
[   22.340350] cloud-init[660]: |                 |
[   22.342422] cloud-init[660]: +----[SHA256]-----+
         Starting Availability of block devices...
[[0;32m  OK  [0m] Reached target Cloud-config availability.
[[0;32m  OK  [0m] Reached target System Initialization.
[[0;32m  OK  [0m] Listening on Open-iSCSI iscsid Socket.
[   22.349335] cloud-init[660]: Generating public/private dsa key pair.
[[0;32m  OK  [0m] Started ACPI Events Check.
[[0;32m  OK  [0m] Started Daily apt download activities.
[[0;32m  OK  [0m] Started Daily apt upgrade and clean activities.
[   22.372767]          Starting Socket activation for snappy daemon.
[[0;32m  OK  [0m] Listening on ACPID Listen Socket.
         Starting LXD - unix socket.
[[0;32m  OK  [0m] Reached target Paths.
[[0;32m  OK  [0m] Started Daily Cleanup of Temporary Directories.
[[0;32m  OK  [0m] Started Discard unused blocks once a week.
[[0;32m  OK  [0m] Started Message of the Day.
[[0;32m  OK  [0m] Reached target Timers.
[[0;32m  OK  [0m] Listening on D-Bus System Message Bus Socket.
[[0;32m  OK  [0m] Listening on UUID daemon activation socket.
[[0;32m  OK  [0m] Started Availability of block devices.
[[0;32m  OK  [0m] Listening on LXD - unix socket.
cloud-init[660]: Your identification has been saved in /etc/ssh/ssh_host_dsa_key.[[0;32m  OK  [0m] Listening on Socket activation for snappy daemon.
[[0;32m  OK  [0m] Reached target Sockets.
[[0;32m  OK  [0m] Reached target Basic System.
         Starting Virtualbox guest utils...
         Starting Accounts Service...
[[0;32m  OK  [0m] Started Regular background program processing daemon.
         Starting Permit User Sessions...
[[0;32m  OK  [0m] Started FUSE filesystem for LXC.

[   22.416725] cloud-init[660]: Your public key has been saved in /etc/ssh/ssh_host_dsa_key.pub.
[   22.424209] cloud-init[660]: The key fingerprint is:[[0;32m  OK  [0m] Started irqbalance daemon.

         Starting Login Service...
[[0;32m  OK  [0m] Started Deferred execution scheduler.
         Starting LSB: automatic crash report generation...
[   22.443559] cloud-init[660]: SHA256:uO94oTuqW7p51xcTjUSjkO/f/aMRR5faB/tIwEL3big root@ubuntu-bionic
[   22.461728] cloud-init[660]: The key's randomart image is:
[   22.464683] cloud-init[660]: +---[DSA 1024]----+
[   22.466993] cloud-init[660]: |      .. .+ .    |
[   22.469539] cloud-init[660]: |      .. o.+ .  .|
[   22.471859] cloud-init[660]: |       ....oo oo.|
[   22.474502] cloud-init[660]: |       .. o..++o.|
[   22.476989] cloud-init[660]: |      ..S E..o=o.|
[   22.479377] cloud-init[660]: |       .o o. ooo.|
[   22.481858] cloud-init[660]: |    . .o o + o. .|
[   22.484297] cloud-init[660]: |   +. +oo o . o. |
[   22.486675] cloud-init[660]: |  *=.oo=o.   ...o|
[   22.489216] cloud-init[660]: +----[SHA256]-----+
[   22.491539] cloud-init[660]: Generating public/private ecdsa key pair.
[   22.494925] cloud-init[660]: Your identification has been saved in /etc/ssh/ssh_host_ecdsa_key.
[   22.498760] cloud-init[660]: Your public key has been saved in /etc/ssh/ssh_host_ecdsa_key.pub.
[   22.503074] cloud-init[660]: The key fingerprint is:
[   22.505709] cloud-init[660]: SHA256:tgPq3Txklb836YnvX2ciQtJbpPm3QLkgWP/B4Z5lXaA root@ubuntu-bionic
[   22.509931] cloud-init[660]: The key's randomart image is:
[   22.512662] cloud-init[660]: +---[ECDSA 256]---+
[   22.515031] cloud-init[660]: |              .  |
[   22.517580] cloud-init[660]: |             . . |
[   22.519883] cloud-init[660]: |        .  .E   .|
[   22.522431] cloud-init[660]: |       o oo* o ..|
[   22.528698] cloud-init[660]: |      o S.B.B o .|
[   22.531143] cloud-init[660]: |     . oo= O.*   |
[   22.533962] cloud-init[660]: |    .  oo o O.o.+|
[   22.536551] cloud-init[660]: |   . . o.. ..=+=o|
[   22.538896] cloud-init[660]: |    . . o.  .=*o.|
[   22.541468] cloud-init[660]: +----[SHA256]-----+
[   22.543817] cloud-init[660]: Generating public/private ed25519 key pair.
[   22.546400] cloud-init[660]: Your identification has been saved in /etc/ssh/ssh_host_ed25519_key.
[   22.551194] cloud-init[660]: Your public key has been saved in /etc/ssh/ssh_host_ed25519_key.pub.
         Starting Snap Daemon...
         Starting LSB: Record successful boot for GRUB...
         Starting LXD - container startup/shutdown...
[   22.559233] cloud-init[660]: The key fingerprint is:
[   22.562280] cloud-init[660]: SHA256:7bk/dPcW0sJjBVwVIm0nW9YZwV6iIkezuWnavGvzRPY root@ubuntu-bionic
         Starting System Logging Service...
[[0;32m  OK  [0m] Started D-Bus System Message Bus.
[   22.574671] cloud-init[660]: The key's randomart image is:
[   22.588848] cloud-init[660]: +--[ED25519 256]--+
[   22.590847] cloud-init[660]: |           .o.o=O|
[   22.593404] cloud-init[660]: |          o .*o*o|
[   22.605012] cloud-init[660]: |         . +..O..|
[   22.607440] cloud-init[660]: |        ..= .. o |
[   22.609559] cloud-init[660]: |        So.++ o  |
[   22.612836] cloud-init[660]: |         .++.B.o.|
[   22.616757] cloud-init[660]: |         =o.o.E.o|
[   22.620181] cloud-init[660]: |        . =o.   o|
[   22.623383] cloud-init[660]: |         .+*o. . |
[   22.625291] cloud-init[660]: +----[SHA256]-----+
[[0;32m  OK  [0m] Started Login Service.
[[0;32m  OK  [0m] Started Unattended Upgrades Shutdown.
         Starting Dispatcher daemon for systemd-networkd...
         Starting Pollinate to seed the pseudo random number generator...
[[0;32m  OK  [0m] Started System Logging Service.
[[0;32m  OK  [0m] Started Permit User Sessions.
         Starting Authorization Manager...
         Starting Hold until boot process finishes up...
         Starting Terminate Plymouth Boot Screen...
[[0;32m  OK  [0m] Started Hold until boot process finishes up.
         Starting Set console scheme...
[[0;32m  OK  [0m] Started Serial Getty on ttyS0.
[[0;32m  OK  [0m] Started Terminate Plymouth Boot Screen.
[[0;32m  OK  [0m] Started LSB: automatic crash report generation.
[[0;32m  OK  [0m] Started Authorization Manager.
[[0;32m  OK  [0m] Started Accounts Service.
[[0;32m  OK  [0m] Started LSB: Record successful boot for GRUB.
[[0;32m  OK  [0m] Started Set console scheme.
[[0;32m  OK  [0m] Created slice system-getty.slice.
[[0;32m  OK  [0m] Started Getty on tty1.
[[0;32m  OK  [0m] Reached target Login Prompts.
[[0;32m  OK  [0m] Started Virtualbox guest utils.
[[0;32m  OK  [0m] Started LXD - container startup/shutdown.
[[0;32m  OK  [0m] Started Dispatcher daemon for systemd-networkd.
[[0;32m  OK  [0m] Started Snap Daemon.
         Starting Wait until snapd is fully seeded...
[[0;32m  OK  [0m] Started Wait until snapd is fully seeded.
         Starting Apply the settings specified in cloud-config...
[[0;32m  OK  [0m] Started Pollinate to seed the pseudo random number generator.
         Starting OpenBSD Secure Shell server...
[[0;32m  OK  [0m] Started OpenBSD Secure Shell server.
[[0;32m  OK  [0m] Reached target Multi-User System.
[[0;32m  OK  [0m] Reached target Graphical Interface.
         Starting Update UTMP about System Runlevel Changes...
[[0;32m  OK  [0m] Started Update UTMP about System Runlevel Changes.
[[0;32m  OK  [0m] Created slice User Slice of vagrant.
         Starting User Manager for UID 1000...
[[0;32m  OK  [0m] Started Session 1 of user vagrant.
[[0;32m  OK  [0m] Started User Manager for UID 1000.
[   27.128184] cloud-init[1074]: Cloud-init v. 20.4.1-0ubuntu1~18.04.1 running 'modules:config' at Tue, 25 May 2021 15:51:11 +0000. Up 25.66 seconds.
[[0;32m  OK  [0m] Started Apply the settings specified in cloud-config.
         Starting Execute cloud user/final scripts...
ci-info: no authorized SSH keys fingerprints found for user ubuntu.
<14>May 25 15:51:14 ec2: 
<14>May 25 15:51:14 ec2: #############################################################
<14>May 25 15:51:14 ec2: -----BEGIN SSH HOST KEY FINGERPRINTS-----
<14>May 25 15:51:14 ec2: 1024 SHA256:uO94oTuqW7p51xcTjUSjkO/f/aMRR5faB/tIwEL3big root@ubuntu-bionic (DSA)
<14>May 25 15:51:14 ec2: 256 SHA256:tgPq3Txklb836YnvX2ciQtJbpPm3QLkgWP/B4Z5lXaA root@ubuntu-bionic (ECDSA)
<14>May 25 15:51:14 ec2: 256 SHA256:7bk/dPcW0sJjBVwVIm0nW9YZwV6iIkezuWnavGvzRPY root@ubuntu-bionic (ED25519)
<14>May 25 15:51:14 ec2: 2048 SHA256:OAiGzEUQtUYDhCfHQzxAgq1CgROTd9BYJ7DniUFo1wk root@ubuntu-bionic (RSA)
<14>May 25 15:51:14 ec2: -----END SSH HOST KEY FINGERPRINTS-----
<14>May 25 15:51:14 ec2: #############################################################
-----BEGIN SSH HOST KEY KEYS-----
ecdsa-sha2-nistp256 AAAAE2VjZHNhLXNoYTItbmlzdHAyNTYAAAAIbmlzdHAyNTYAAABBBEa0PHwEKNvfl/+SrZWV4HiLMWMMaKG7q44WBmvfYgTP9FxJ0cDj1MPPDC+kQZwa96M1JiOfywyshdeUiiIf3do= root@ubuntu-bionic
ssh-ed25519 AAAAC3NzaC1lZDI1NTE5AAAAICJcJ+32rTAifFuC4UrI39vfgly3VfdzUmeGobr7mUrb root@ubuntu-bionic
ssh-rsa AAAAB3NzaC1yc2EAAAADAQABAAABAQC5lBk7Wz9O8PD927Mg6coZNAUwyatzP/oL7z7kUI6ynDT8Gw2qSVhyjGR2nITHrv6Mz4Qo3xw0M4702QdVtASIR40RUXspvYcK72BEJo63BUW0h4wOEeB/ZJzZljMsaRnuIq61tcnCjA1fjKLZNU7KDpFeY6gHAKvMXmsOk3GXg0puE1iMsBC3Unfis0OUK13EGWlD/Tbwy2vuOw1P65yyJ249t/IKXUX0iiycsW5zBBD+tU6YyD+F1ZAm9xfms9COutP47hR9ezMW7brivtL1t3boKLDYnf9JzSVtvwAFo0vqNy19wdsKl14uKe74zWVqCw8kPO3UaH1YHw8mSt/z root@ubuntu-bionic
-----END SSH HOST KEY KEYS-----
[   28.146413] cloud-init[1188]: Cloud-init v. 20.4.1-0ubuntu1~18.04.1 running 'modules:final' at Tue, 25 May 2021 15:51:14 +0000. Up 27.73 seconds.
[   28.152747] cloud-init[1188]: ci-info: no authorized SSH keys fingerprints found for user ubuntu.
[   28.156862] cloud-init[1188]: Cloud-init v. 20.4.1-0ubuntu1~18.04.1 finished at Tue, 25 May 2021 15:51:14 +0000. Datasource DataSourceNoCloud [seed=/dev/sdb][dsmode=net].  Up 28.13 seconds
[[0;32m  OK  [0m] Started Execute cloud user/final scripts.

Ubuntu 18.04.5 LTS ubuntu-bionic ttyS0

ubuntu-bionic login: 